// Jest Snapshot v1, https://goo.gl/fbAQLP

exports[`TransactionParser parses a transaction 1`] = `
Object {
  "blockTime": 1667836100,
  "meta": Object {
    "err": null,
    "fee": 10000,
    "innerInstructions": Array [
      Object {
        "index": 1,
        "instructions": Array [
          Object {
            "index": 0,
            "parsed": Object {
              "info": Object {
                "account": "751t72jfqz6fFQuTC9UHzCsx5Lpo1wdEqmHV9dWbKbTW",
                "amount": "1165171360",
                "authority": "BbAHp6ruxUkT9c1v98PuFuuaJQ2YFgcHe1ghGPED4Y3i",
                "mint": "mSoLzYCxHdYgdzU16g5QSh3i5K3z3KZK7ytfqcJm7So",
              },
              "type": "burn",
            },
            "program": "spl-token",
            "programId": "TokenkegQfeZyiNwAJbNbGKPFXCWuBvf9Ss623VQ5DA",
          },
        ],
      },
    ],
    "logMessages": Array [
      "Program 11111111111111111111111111111111 invoke [1]",
      "Program 11111111111111111111111111111111 success",
      "Program MarBmsSgKXdrN1egZf5sqe1TMai9K1rChYNDJgjq7aD invoke [1]",
      "Program TokenkegQfeZyiNwAJbNbGKPFXCWuBvf9Ss623VQ5DA invoke [2]",
      "Program log: Instruction: Burn",
      "Program TokenkegQfeZyiNwAJbNbGKPFXCWuBvf9Ss623VQ5DA consumed 4800 of 382342 compute units",
      "Program TokenkegQfeZyiNwAJbNbGKPFXCWuBvf9Ss623VQ5DA success",
      "Program MarBmsSgKXdrN1egZf5sqe1TMai9K1rChYNDJgjq7aD consumed 29711 of 400000 compute units",
      "Program MarBmsSgKXdrN1egZf5sqe1TMai9K1rChYNDJgjq7aD success",
    ],
    "postBalances": Array [
      3844455611,
      1503360,
      2039280,
      19098240,
      2094555549,
      1,
      1141440,
      1169280,
      1009200,
      934087680,
    ],
    "postTokenBalances": Array [
      Object {
        "accountIndex": 2,
        "mint": "mSoLzYCxHdYgdzU16g5QSh3i5K3z3KZK7ytfqcJm7So",
        "owner": "BbAHp6ruxUkT9c1v98PuFuuaJQ2YFgcHe1ghGPED4Y3i",
        "programId": "TokenkegQfeZyiNwAJbNbGKPFXCWuBvf9Ss623VQ5DA",
        "uiTokenAmount": Object {
          "amount": "0",
          "decimals": 9,
          "uiAmount": null,
          "uiAmountString": "0",
        },
      },
    ],
    "preBalances": Array [
      3845968971,
      0,
      2039280,
      19098240,
      2094555549,
      1,
      1141440,
      1169280,
      1009200,
      934087680,
    ],
    "preTokenBalances": Array [
      Object {
        "accountIndex": 2,
        "mint": "mSoLzYCxHdYgdzU16g5QSh3i5K3z3KZK7ytfqcJm7So",
        "owner": "BbAHp6ruxUkT9c1v98PuFuuaJQ2YFgcHe1ghGPED4Y3i",
        "programId": "TokenkegQfeZyiNwAJbNbGKPFXCWuBvf9Ss623VQ5DA",
        "uiTokenAmount": Object {
          "amount": "1165171360",
          "decimals": 9,
          "uiAmount": 1.16517136,
          "uiAmountString": "1.16517136",
        },
      },
    ],
    "rewards": Array [],
    "status": Object {
      "Ok": null,
    },
  },
  "parsed": Object {
    "message": Object {
      "accountKeys": Array [
        Object {
          "pubkey": "BbAHp6ruxUkT9c1v98PuFuuaJQ2YFgcHe1ghGPED4Y3i",
          "signer": true,
          "source": "transaction",
          "writable": true,
        },
        Object {
          "pubkey": "DphAzdHtKRxHxXSPjxYPwV5dwhsLVp86r9RnLLcYHLg2",
          "signer": true,
          "source": "transaction",
          "writable": true,
        },
        Object {
          "pubkey": "751t72jfqz6fFQuTC9UHzCsx5Lpo1wdEqmHV9dWbKbTW",
          "signer": false,
          "source": "transaction",
          "writable": true,
        },
        Object {
          "pubkey": "8szGkuLTAux9XMgZ2vtY39jVSowEcpBfFfD8hXSEqdGC",
          "signer": false,
          "source": "transaction",
          "writable": true,
        },
        Object {
          "pubkey": "mSoLzYCxHdYgdzU16g5QSh3i5K3z3KZK7ytfqcJm7So",
          "signer": false,
          "source": "transaction",
          "writable": true,
        },
        Object {
          "pubkey": "11111111111111111111111111111111",
          "signer": false,
          "source": "transaction",
          "writable": false,
        },
        Object {
          "pubkey": "MarBmsSgKXdrN1egZf5sqe1TMai9K1rChYNDJgjq7aD",
          "signer": false,
          "source": "transaction",
          "writable": false,
        },
        Object {
          "pubkey": "SysvarC1ock11111111111111111111111111111111",
          "signer": false,
          "source": "transaction",
          "writable": false,
        },
        Object {
          "pubkey": "SysvarRent111111111111111111111111111111111",
          "signer": false,
          "source": "transaction",
          "writable": false,
        },
        Object {
          "pubkey": "TokenkegQfeZyiNwAJbNbGKPFXCWuBvf9Ss623VQ5DA",
          "signer": false,
          "source": "transaction",
          "writable": false,
        },
      ],
      "addressTableLookups": null,
      "instructions": Array [
        Object {
          "index": 0,
          "parsed": Object {
            "info": Object {
              "lamports": 1503360,
              "newAccount": "DphAzdHtKRxHxXSPjxYPwV5dwhsLVp86r9RnLLcYHLg2",
              "owner": "MarBmsSgKXdrN1egZf5sqe1TMai9K1rChYNDJgjq7aD",
              "source": "BbAHp6ruxUkT9c1v98PuFuuaJQ2YFgcHe1ghGPED4Y3i",
              "space": 88,
            },
            "type": "createAccount",
          },
          "program": "system",
          "programId": "11111111111111111111111111111111",
        },
        Object {
          "accounts": Array [
            "8szGkuLTAux9XMgZ2vtY39jVSowEcpBfFfD8hXSEqdGC",
            "mSoLzYCxHdYgdzU16g5QSh3i5K3z3KZK7ytfqcJm7So",
            "751t72jfqz6fFQuTC9UHzCsx5Lpo1wdEqmHV9dWbKbTW",
            "BbAHp6ruxUkT9c1v98PuFuuaJQ2YFgcHe1ghGPED4Y3i",
            "DphAzdHtKRxHxXSPjxYPwV5dwhsLVp86r9RnLLcYHLg2",
            "SysvarC1ock11111111111111111111111111111111",
            "SysvarRent111111111111111111111111111111111",
            "TokenkegQfeZyiNwAJbNbGKPFXCWuBvf9Ss623VQ5DA",
          ],
          "data": "D4QoZ9QytqaDY8CFubkmeP",
          "index": 1,
          "innerInstructions": Array [
            Object {
              "index": 0,
              "parsed": Object {
                "info": Object {
                  "account": "751t72jfqz6fFQuTC9UHzCsx5Lpo1wdEqmHV9dWbKbTW",
                  "amount": "1165171360",
                  "authority": "BbAHp6ruxUkT9c1v98PuFuuaJQ2YFgcHe1ghGPED4Y3i",
                  "mint": "mSoLzYCxHdYgdzU16g5QSh3i5K3z3KZK7ytfqcJm7So",
                },
                "type": "burn",
              },
              "program": "spl-token",
              "programId": "TokenkegQfeZyiNwAJbNbGKPFXCWuBvf9Ss623VQ5DA",
            },
          ],
          "parsed": Object {
            "info": Object {
              "0": Object {
                "instructionDiscriminator": Array [
                  97,
                  167,
                  144,
                  107,
                  117,
                  190,
                  128,
                  36,
                ],
                "msolAmount": "45731aa0",
              },
              "1": 16,
              "burnMsolAuthority": "BbAHp6ruxUkT9c1v98PuFuuaJQ2YFgcHe1ghGPED4Y3i",
              "burnMsolFrom": "751t72jfqz6fFQuTC9UHzCsx5Lpo1wdEqmHV9dWbKbTW",
              "clock": "SysvarC1ock11111111111111111111111111111111",
              "msolMint": "mSoLzYCxHdYgdzU16g5QSh3i5K3z3KZK7ytfqcJm7So",
              "newTicketAccount": "DphAzdHtKRxHxXSPjxYPwV5dwhsLVp86r9RnLLcYHLg2",
              "rent": "SysvarRent111111111111111111111111111111111",
              "state": "8szGkuLTAux9XMgZ2vtY39jVSowEcpBfFfD8hXSEqdGC",
              "tokenProgram": "TokenkegQfeZyiNwAJbNbGKPFXCWuBvf9Ss623VQ5DA",
            },
            "type": "OrderUnstake",
          },
          "program": "marinade_finance",
          "programId": "MarBmsSgKXdrN1egZf5sqe1TMai9K1rChYNDJgjq7aD",
        },
      ],
      "recentBlockhash": "B7L4Ldi21oSy4GYdFxEUzaAhatvgKQhfv4oz3s4HVBrH",
    },
    "signatures": Array [
      "2XaL2jqiFM69nRGSu3Zxbj955e4cjWT8EduKuXUEsGCXW8zrPiznNS9bpgdNbe1YBGVVRDB9ei9c4swYu2RiGaZ4",
      "3tJWgW5f11Bt1utGvmzBwZgYYP5hzkBvceAyoieR6FL1zAEU3hMie92w1pok1BP9GD23MvfJjAenBaRHmS8kmiA6",
    ],
  },
  "signature": "2XaL2jqiFM69nRGSu3Zxbj955e4cjWT8EduKuXUEsGCXW8zrPiznNS9bpgdNbe1YBGVVRDB9ei9c4swYu2RiGaZ4",
  "slot": 159814698,
}
`;
